# Sieve Filter
# Erzeugt von Ingo (http://www.horde.org/ingo/) (30.09.2016, 16:02)
# Nested rules aren't supported and will be ignored (#5540)

# rule:[Ausgeschlossene Adressen]
if address :is ["From","Sender","Resent-From"] "noreply@example.org"
{
	discard;
	stop;
}
