require ["variables"];
set "EDITOR" "Roundcube";
set "EDITOR_VERSION" "123";
