require ["envelope","fileinto","reject"];
# rule:[spam]
if header :contains "X-DSPAM-Result" "Spam"
{
	fileinto "Spam";
	stop;
}
# rule:[test1]
if header :contains ["From","To"] "test@domain.tld"
{
	discard;
	stop;
}
# rule:[test2]
if anyof (not header :contains :comparator "i;octet" "Subject" "[test]", header :contains "Subject" "[test2]")
{
	fileinto "test";
	stop;
}
# rule:[comments]
if true
{
	stop;
}
# rule:[reject]
if size :over 5000K
{
	reject "Message over 5MB size limit. Please contact me before sending this.";
}
# rule:[false]
if false # size :over 5000K
{
	stop;
}
# rule:[true]
if true
{
	stop;
}
fileinto "Test";
# rule:[address test]
if address :is "From" "nagios@domain.tld"
{
	fileinto "domain.tld";
	stop;
}
# rule:[envelope test]
if envelope :domain :is "From" "domain.tld"
{
	fileinto "domain.tld";
	stop;
}
# rule:[do not wrap long lines]
if envelope :domain :is "From" "1234567890123456789012345678901234567890123456789012345678901234567890123456789012345678901234567890123456789012345678901234567890123456789012345678901234567890123456789012345678901234567890123456789012345678901234567890123456789012345678901234567890123456789012345678901234567890123456789012345678901234567890123456789012345678901234567890123456789012345678901234567890123456789012345678901234567890123456789012345678901234567890123456789012345678901234567890123456789012345678901234567890123456789012345678901234567890123456789012345678901234567890123456789012345678901234567890123456789012345678901234567890123456789012345678901234567890123456789012345678901234567890123456789012345678901234567890123456789012345678901234567890123456789012345678901234567890123456789012345678901234567890123456789012345678901234567890123456789012345678901234567890123456789012345678901234567890123456789012345678901234567890123456789012345678901234567890123456789012345678901234567890123456789012345678901234567890123456789012345678901234567890123456789012345678901234567890123456789012345678901234567890123456789012345678901234567890"
{
	fileinto "domain.tld";
	stop;
}
